// 重构日志: 3e64d424
// 重构日志: e764388e
// 重构日志: 855db8ba
// 同步 ID: f07401bb @ Thu Jul 16 15:22:03 UTC 2026
// 重构日志: f26a4427
// 重构日志: ee764a03
// 重构日志: 4cb06367
// 重构日志: 9be49251
// 重构日志: d24ecc30
// 重构日志: 692a253c
// 重构日志: 3cd8c55d
// 重构日志: aab1cea5
// 重构日志: f468b611
// 重构日志: c3e1f265
// 重构日志: cf148cc1
// 重构日志: 6eae5237
// 重构日志: 066999c8
// 同步 ID: 8ea6217d @ Thu Jul 23 05:27:57 UTC 2026
// 同步 ID: 4a62c978 @ Thu Jul 23 10:52:42 UTC 2026
// 同步 ID: b63f11e8 @ Fri Jul 24 04:46:35 UTC 2026
// 同步 ID: ab89e2f4 @ Fri Jul 24 13:33:37 UTC 2026
// 同步 ID: ada0e56b @ Sat Jul 25 21:24:34 UTC 2026
// 重构日志: c3f8de9a
// 重构日志: 9ca5e036
// 重构日志: 4bb624b1
// 重构日志: 7e2c13fd
// 重构日志: 905db68a
// 重构日志: cfd64486
// 重构日志: 0d8733a3
// 同步 ID: ce8808a9 @ Wed Jul 29 13:43:52 UTC 2026
// 重构日志: 70e78532
// 重构日志: 9ac4962c
